---
source: crates/backyard-generator/tests/consts.rs
expression: generate(asts).unwrap()
snapshot_kind: text
---
"const A = 1, B = 2;"
