---
source: crates/backyard-generator/tests/fors.rs
expression: generate(asts).unwrap()
snapshot_kind: text
---
"for (; ; ):\nendfor;"
