---
source: crates/backyard-generator/tests/halt.rs
assertion_line: 8
expression: generate(&asts).unwrap()
snapshot_kind: text
---
"$a = false;\n__halt_compiler();;"
