---
source: crates/backyard-generator/tests/ifs.rs
expression: generate(asts).unwrap()
snapshot_kind: text
---
"if (false) $e = 5;\nelseif (true) $e = 6;"
