---
source: crates/backyard-generator/tests/staticlookup.rs
expression: generate(asts).unwrap()
snapshot_kind: text
---
"self::class;"
