---
source: crates/backyard-generator/tests/switch.rs
expression: generate(asts).unwrap()
snapshot_kind: text
---
"switch ($a):\n  case 1:\n    break;\n  case 2:\n    return;\n  default:\n    continue;\nendswitch;"
