---
source: crates/backyard-generator/tests/types.rs
expression: generate(asts).unwrap()
snapshot_kind: text
---
"class A {\n  protected int $a;\n}"
