---
source: crates/backyard-lexer/tests/keywords.rs
assertion_line: 341
expression: tokens
snapshot_kind: text
---
- token_type: Try
  value: try
  line: 1
  column: 0
  offset: 0
