---
source: crates/backyard-lexer/tests/keywords.rs
expression: tokens
snapshot_kind: text
---
- token_type: Switch
  value:
    - 115
    - 119
    - 105
    - 116
    - 99
    - 104
  line: 1
  column: 0
  offset: 0
