---
source: crates/backyard-lexer/tests/keywords.rs
expression: tokens
snapshot_kind: text
---
- token_type: Break
  value:
    - 98
    - 114
    - 101
    - 97
    - 107
  line: 1
  column: 0
  offset: 0
