---
source: crates/backyard-lexer/tests/keywords.rs
assertion_line: 136
expression: tokens
snapshot_kind: text
---
- token_type: Die
  value: die
  line: 1
  column: 0
  offset: 0
