---
source: crates/backyard-lexer/tests/keywords.rs
expression: tokens
snapshot_kind: text
---
- token_type: Default
  value:
    - 100
    - 101
    - 102
    - 97
    - 117
    - 108
    - 116
  line: 1
  column: 0
  offset: 0
