---
source: crates/backyard-lexer/tests/keywords.rs
expression: tokens
snapshot_kind: text
---
- token_type: Parent
  value:
    - 112
    - 97
    - 114
    - 101
    - 110
    - 116
  line: 1
  column: 0
  offset: 0
