---
source: crates/backyard-lexer/tests/keywords.rs
expression: tokens
snapshot_kind: text
---
- token_type: Get
  value:
    - 103
    - 101
    - 116
  line: 1
  column: 0
  offset: 0
