---
source: crates/backyard-lexer/tests/keywords.rs
expression: tokens
snapshot_kind: text
---
- token_type: Class
  value:
    - 99
    - 108
    - 97
    - 115
    - 115
  line: 1
  column: 0
  offset: 0
