---
source: crates/backyard-lexer/tests/keywords.rs
expression: tokens
snapshot_kind: text
---
- token_type: Do
  value:
    - 100
    - 111
  line: 1
  column: 0
  offset: 0
