---
source: crates/backyard-lexer/tests/keywords.rs
assertion_line: 346
expression: tokens
snapshot_kind: text
---
- token_type: Use
  value: use
  line: 1
  column: 0
  offset: 0
