---
source: crates/backyard-lexer/tests/keywords.rs
assertion_line: 56
expression: tokens
snapshot_kind: text
---
- token_type: Continue
  value: continue
  line: 1
  column: 0
  offset: 0
