---
source: crates/backyard-lexer/tests/keywords.rs
expression: tokens
snapshot_kind: text
---
- token_type: Const
  value:
    - 99
    - 111
    - 110
    - 115
    - 116
  line: 1
  column: 0
  offset: 0
