---
source: crates/backyard-lexer/tests/keywords.rs
assertion_line: 106
expression: tokens
snapshot_kind: text
---
- token_type: EndIf
  value: endif
  line: 1
  column: 0
  offset: 0
