---
source: crates/backyard-lexer/tests/keywords.rs
expression: tokens
snapshot_kind: text
---
- token_type: Array
  value:
    - 97
    - 114
    - 114
    - 97
    - 121
  line: 1
  column: 0
  offset: 0
