---
source: crates/backyard-lexer/tests/lexer.rs
expression: tokens
snapshot_kind: text
---
- token_type: RelativeName
  value:
    - 110
    - 97
    - 109
    - 101
    - 115
    - 112
    - 97
    - 99
    - 101
    - 92
    - 115
    - 97
    - 109
    - 112
    - 108
    - 101
    - 95
    - 105
    - 100
    - 92
    - 97
  line: 1
  column: 0
  offset: 0
