---
source: crates/backyard-lexer/tests/lexer.rs
expression: tokens
snapshot_kind: text
---
- token_type: Attribute
  value: "#["
  line: 1
  column: 0
  offset: 0
- token_type: Identifier
  value: attr
  line: 1
  column: 2
  offset: 2
- token_type: RightSquareBracket
  value: "]"
  line: 1
  column: 6
  offset: 6
- token_type: Variable
  value: a
  line: 2
  column: 0
  offset: 8
- token_type: Semicolon
  value: ;
  line: 2
  column: 2
  offset: 10
- token_type: CommentLine
  value: " comment"
  line: 2
  column: 4
  offset: 12
