---
source: crates/backyard-lexer/tests/number.rs
assertion_line: 18
expression: tokens
snapshot_kind: text
---
- token_type: Number
  value: ".67"
  line: 1
  column: 0
  offset: 0
