---
source: crates/backyard-lexer/tests/variable.rs
assertion_line: 12
expression: tokens
snapshot_kind: text
---
- token_type: This
  value: this
  line: 1
  column: 0
  offset: 0
