---
source: crates/backyard-parser/tests/comment.rs
expression: asts
snapshot_kind: text
---
node_type: program
children:
  - node_type: comment_line
    comment:
      - 47
      - 47
      - 47
      - 47
      - 47
      - 47
      - 47
      - 47
      - 47
      - 47
      - 47
      - 32
      - 84
      - 69
      - 83
      - 84
      - 32
      - 47
      - 47
      - 47
      - 47
      - 47
      - 47
      - 47
      - 47
      - 47
      - 47
      - 47
      - 47
      - 47
    loc:
      start:
        line: 1
        column: 0
        offset: 0
      end:
        line: 1
        column: 0
        offset: 0
    leadings: ~
    trailings: ~
loc:
  start:
    line: 1
    column: 0
    offset: 0
  end:
    line: 1
    column: 0
    offset: 0
leadings: ~
trailings: ~
