---
source: crates/backyard-parser/tests/declare.rs
expression: asts
snapshot_kind: text
---
node_type: program
children:
  - node_type: declare
    arguments:
      - node_type: declare_argument
        name:
          node_type: identifier
          name:
            - 116
            - 105
            - 99
            - 107
            - 115
          loc:
            start:
              line: 1
              column: 8
              offset: 8
            end:
              line: 1
              column: 13
              offset: 13
          leadings: ~
          trailings: ~
        value:
          node_type: number
          value:
            - 49
          loc:
            start:
              line: 1
              column: 16
              offset: 16
            end:
              line: 1
              column: 16
              offset: 16
          leadings: ~
          trailings: ~
        loc:
          start:
            line: 1
            column: 8
            offset: 8
          end:
            line: 1
            column: 16
            offset: 16
        leadings: ~
        trailings: ~
    body:
      node_type: block
      statements: []
      loc:
        start:
          line: 1
          column: 18
          offset: 18
        end:
          line: 2
          column: 0
          offset: 20
      leadings: ~
      trailings: ~
    body_type: Short
    loc:
      start:
        line: 1
        column: 0
        offset: 0
      end:
        line: 2
        column: 0
        offset: 20
    leadings: ~
    trailings: ~
loc:
  start:
    line: 1
    column: 0
    offset: 0
  end:
    line: 2
    column: 10
    offset: 30
leadings: ~
trailings: ~
